// Jest Snapshot v1, https://goo.gl/fbAQLP

exports[`Should render HomePage component correctly 1`] = `
<DocumentFragment>
  <div>
    Header Component
  </div>
</DocumentFragment>
`;
