// Jest Snapshot v1, https://goo.gl/fbAQLP

exports[`Should render Loader component correctly 1`] = `
<DocumentFragment>
  <div
    class="loader-page"
  >
    <div
      class="loader-container"
    >
      <div
        class="loader"
      >
        <h2
          data-text="Loading..."
        >
          Loading...
        </h2>
      </div>
    </div>
  </div>
</DocumentFragment>
`;
